BL51 BANKED LINKER/LOCATER V6.22                                                        06/01/2019  15:10:13  PAGE 1


BL51 BANKED LINKER/LOCATER V6.22, INVOKED BY:
D:\KEIL_V5\C51\BIN\BL51.EXE .\Objects\main.obj TO .\Objects\usart PRINT (.\Listings\usart.m51) RAMSIZE (256)


MEMORY MODEL: SMALL WITH FLOATING POINT ARITHMETIC


INPUT MODULES INCLUDED:
  .\Objects\main.obj (MAIN)
  D:\KEIL_V5\C51\LIB\C51FPS.LIB (?C?FPDIV)
  D:\KEIL_V5\C51\LIB\C51FPS.LIB (?C?FCAST)
  D:\KEIL_V5\C51\LIB\C51FPS.LIB (PRINTF)
  D:\KEIL_V5\C51\LIB\C51FPS.LIB (?C?FPGETOPN)
  D:\KEIL_V5\C51\LIB\C51FPS.LIB (?C?FPROUND)
  D:\KEIL_V5\C51\LIB\C51FPS.LIB (?C?FPCONVERT)
  D:\KEIL_V5\C51\LIB\C51FPS.LIB (?C?FPADD)
  D:\KEIL_V5\C51\LIB\C51FPS.LIB (?C?FPMUL)
  D:\KEIL_V5\C51\LIB\C51FPS.LIB (?C?FTNPWR)
  D:\KEIL_V5\C51\LIB\C51S.LIB (?C_STARTUP)
  D:\KEIL_V5\C51\LIB\C51S.LIB (?C?CLDPTR)
  D:\KEIL_V5\C51\LIB\C51S.LIB (?C?CLDOPTR)
  D:\KEIL_V5\C51\LIB\C51S.LIB (?C?CSTPTR)
  D:\KEIL_V5\C51\LIB\C51S.LIB (?C?LMUL)
  D:\KEIL_V5\C51\LIB\C51S.LIB (?C?ULDIV)
  D:\KEIL_V5\C51\LIB\C51S.LIB (?C?SLDIV)
  D:\KEIL_V5\C51\LIB\C51S.LIB (?C?LNEG)
  D:\KEIL_V5\C51\LIB\C51S.LIB (?C?ULSHR)
  D:\KEIL_V5\C51\LIB\C51S.LIB (?C?PLDIIDATA)
  D:\KEIL_V5\C51\LIB\C51S.LIB (?C?CCASE)
  D:\KEIL_V5\C51\LIB\C51S.LIB (?C?STRCMP)
  D:\KEIL_V5\C51\LIB\C51S.LIB (?C_INIT)


LINK MAP OF MODULE:  .\Objects\usart (MAIN)


            TYPE    BASE      LENGTH    RELOCATION   SEGMENT NAME
            -----------------------------------------------------

            * * * * * * *   D A T A   M E M O R Y   * * * * * * *
            REG     0000H     0008H     ABSOLUTE     "REG BANK 0"
                    0008H     0018H                  *** GAP ***
            BIT     0020H.0   0001H.1   UNIT         _BIT_GROUP_
                    0021H.1   0000H.7                *** GAP ***
            DATA    0022H     002FH     UNIT         ?DT?MAIN
            DATA    0051H     001EH     UNIT         _DATA_GROUP_
            IDATA   006FH     0001H     UNIT         ?STACK

            * * * * * * *   C O D E   M E M O R Y   * * * * * * *
            CODE    0000H     0003H     ABSOLUTE     
            CODE    0003H     0008H     UNIT         ?PR?_PUTCHAR?MAIN
            CODE    000BH     0003H     ABSOLUTE     
            CODE    000EH     000DH     UNIT         ?PR?TIMER0?MAIN
            CODE    001BH     0003H     ABSOLUTE     
            CODE    001EH     0005H     UNIT         ?PR?GET_FRQ?MAIN
            CODE    0023H     0003H     ABSOLUTE     
            CODE    0026H     082FH     UNIT         ?C?LIB_CODE
            CODE    0855H     046FH     UNIT         ?PR?PRINTF?PRINTF
BL51 BANKED LINKER/LOCATER V6.22                                                      06/01/2019  15:10:13  PAGE 2


            CODE    0CC4H     0189H     UNIT         ?PR?MAIN?MAIN
            CODE    0E4DH     008CH     UNIT         ?C_C51STARTUP
            CODE    0ED9H     007DH     UNIT         ?PR?TIMER1?MAIN
            CODE    0F56H     0069H     UNIT         ?PR?_USART_INIT?MAIN
            CODE    0FBFH     0051H     UNIT         ?PR?USART_INTERRUPT?MAIN
            CODE    1010H     0051H     UNIT         ?CO?MAIN
            CODE    1061H     0044H     UNIT         ?C?LDIV
            CODE    10A5H     0018H     UNIT         ?PR?TIMER_INIT?MAIN
            CODE    10BDH     0016H     UNIT         ?PR?GET_T?MAIN
            CODE    10D3H     0008H     UNIT         ?C_INITSEG



OVERLAY MAP OF MODULE:   .\Objects\usart (MAIN)


SEGMENT                             BIT_GROUP          DATA_GROUP 
  +--> CALLED SEGMENT            START    LENGTH     START    LENGTH
--------------------------------------------------------------------
?C_C51STARTUP                    -----    -----      -----    -----
  +--> ?PR?MAIN?MAIN
  +--> ?C_INITSEG

?PR?MAIN?MAIN                    -----    -----      0051H    0002H
  +--> ?PR?TIMER_INIT?MAIN
  +--> ?PR?_USART_INIT?MAIN
  +--> ?CO?MAIN
  +--> ?PR?GET_FRQ?MAIN
  +--> ?PR?GET_T?MAIN
  +--> ?PR?PRINTF?PRINTF

?PR?_USART_INIT?MAIN             -----    -----      0053H    0004H

?PR?PRINTF?PRINTF                0020H.0  0001H.1    0053H    001CH
  +--> ?PR?_PUTCHAR?MAIN



SYMBOL TABLE OF MODULE:  .\Objects\usart (MAIN)

  VALUE           TYPE          NAME
  ----------------------------------

  -------         MODULE        MAIN
  C:0000H         SYMBOL        _ICE_DUMMY_
  D:0090H         PUBLIC        P1
  D:00B0H         PUBLIC        P3
  B:00A8H.7       PUBLIC        EA
  C:0FBFH         PUBLIC        usart_interrupt
  D:00A8H         PUBLIC        IE
  B:00A8H.4       PUBLIC        ES
  D:00B8H         PUBLIC        IP
  B:0098H.0       PUBLIC        RI
  B:0098H.1       PUBLIC        TI
  D:00CBH         PUBLIC        RCAP2H
  D:00CAH         PUBLIC        RCAP2L
  C:0CC4H         PUBLIC        main
BL51 BANKED LINKER/LOCATER V6.22                                                      06/01/2019  15:10:13  PAGE 3


  D:0024H         PUBLIC        count
  D:0099H         PUBLIC        SBUF
  D:0098H         PUBLIC        SCON
  D:0089H         PUBLIC        TMOD
  D:0088H         PUBLIC        TCON
  C:10A5H         PUBLIC        timer_init
  C:0F56H         PUBLIC        _usart_init
  B:00A8H.1       PUBLIC        ET0
  B:00A8H.3       PUBLIC        ET1
  D:008CH         PUBLIC        TH0
  D:008DH         PUBLIC        TH1
  D:00CDH         PUBLIC        TH2
  D:008AH         PUBLIC        TL0
  D:0026H         PUBLIC        usart_buf
  D:008BH         PUBLIC        TL1
  D:00CCH         PUBLIC        TL2
  D:004EH         PUBLIC        T
  C:000EH         PUBLIC        timer0
  C:0ED9H         PUBLIC        timer1
  B:0088H.4       PUBLIC        TR0
  B:0088H.6       PUBLIC        TR1
  D:00C8H         PUBLIC        T2CON
  C:001EH         PUBLIC        get_frq
  D:0050H         PUBLIC        cmd_ok
  C:10BDH         PUBLIC        get_T
  D:00D0H         PUBLIC        PSW
  C:0003H         PUBLIC        _putchar
  -------         PROC          TIMER_INIT
  C:10A5H         LINE#         18
  C:10A5H         LINE#         19
  C:10A5H         LINE#         20
  C:10A8H         LINE#         21
  C:10ADH         LINE#         22
  C:10B0H         LINE#         23
  C:10B2H         LINE#         24
  C:10B6H         LINE#         25
  C:10BAH         LINE#         26
  C:10BCH         LINE#         27
  -------         ENDPROC       TIMER_INIT
  -------         PROC          TIMER0
  C:000EH         LINE#         29
  C:0010H         LINE#         31
  C:0018H         LINE#         32
  -------         ENDPROC       TIMER0
  -------         PROC          TIMER1
  -------         DO            
  D:0022H         SYMBOL        t
  -------         ENDDO         
  C:0ED9H         LINE#         34
  C:0EF6H         LINE#         37
  C:0EF9H         LINE#         38
  C:0EFCH         LINE#         41
  C:0F04H         LINE#         42
  C:0F04H         LINE#         43
  C:0F08H         LINE#         44
  C:0F28H         LINE#         45
  C:0F2EH         LINE#         46
BL51 BANKED LINKER/LOCATER V6.22                                                      06/01/2019  15:10:13  PAGE 4


  C:0F34H         LINE#         47
  C:0F38H         LINE#         49
  C:0F3BH         LINE#         50
  C:0F3BH         LINE#         51
  -------         ENDPROC       TIMER1
  -------         PROC          GET_T
  C:10BDH         LINE#         54
  C:10BDH         LINE#         55
  C:10BDH         LINE#         56
  C:10D2H         LINE#         57
  -------         ENDPROC       GET_T
  -------         PROC          GET_FRQ
  C:001EH         LINE#         59
  C:001EH         LINE#         60
  C:001EH         LINE#         61
  C:0022H         LINE#         62
  -------         ENDPROC       GET_FRQ
  -------         PROC          _USART_INIT
  D:0053H         SYMBOL        bps
  C:0F56H         LINE#         69
  C:0F5EH         LINE#         70
  C:0F5EH         LINE#         71
  C:0F61H         LINE#         72
  C:0F94H         LINE#         73
  C:0FB7H         LINE#         74
  C:0FBAH         LINE#         75
  C:0FBEH         LINE#         76
  -------         ENDPROC       _USART_INIT
  -------         PROC          USART_INTERRUPT
  -------         DO            
  D:0023H         SYMBOL        top
  -------         ENDDO         
  C:0FBFH         LINE#         78
  C:0FCAH         LINE#         82
  C:0FCDH         LINE#         83
  C:0FCDH         LINE#         84
  C:0FD1H         LINE#         86
  C:0FD6H         LINE#         87
  C:0FD9H         LINE#         89
  C:0FDFH         LINE#         90
  C:0FDFH         LINE#         91
  C:0FE6H         LINE#         92
  C:0FF1H         LINE#         93
  C:0FF3H         LINE#         94
  C:0FF6H         LINE#         95
  C:0FF9H         LINE#         96
  C:0FFBH         LINE#         98
  C:1005H         LINE#         100
  C:1007H         LINE#         101
  C:1007H         LINE#         102
  -------         ENDPROC       USART_INTERRUPT
  -------         PROC          _PUTCHAR
  D:0007H         SYMBOL        ch
  C:0003H         LINE#         104
  C:0003H         LINE#         105
  C:0003H         LINE#         106
  C:0005H         LINE#         107
BL51 BANKED LINKER/LOCATER V6.22                                                      06/01/2019  15:10:13  PAGE 5


  C:0008H         LINE#         108
  C:000AH         LINE#         109
  C:000AH         LINE#         110
  -------         ENDPROC       _PUTCHAR
  -------         PROC          MAIN
  -------         DO            
  D:0051H         SYMBOL        frq
  D:0051H         SYMBOL        frq
  D:0051H         SYMBOL        t
  D:0051H         SYMBOL        t
  -------         ENDDO         
  -------         DO            
  D:0051H         SYMBOL        frq
  D:0051H         SYMBOL        t
  D:0051H         SYMBOL        t
  -------         ENDDO         
  -------         DO            
  D:0051H         SYMBOL        t
  D:0051H         SYMBOL        t
  -------         ENDDO         
  -------         DO            
  D:0051H         SYMBOL        t
  -------         ENDDO         
  C:0CC4H         LINE#         116
  C:0CC4H         LINE#         117
  C:0CC4H         LINE#         118
  C:0CC7H         LINE#         119
  C:0CD2H         LINE#         121
  C:0CD2H         LINE#         122
  C:0CD2H         LINE#         123
  C:0CD7H         LINE#         124
  C:0CD7H         LINE#         125
  C:0CE9H         LINE#         126
  C:0D04H         LINE#         127
  C:0D16H         LINE#         128
  C:0D16H         LINE#         129
  C:0D1DH         LINE#         131
  C:0D2AH         LINE#         132
  C:0D31H         LINE#         134
  C:0D3BH         LINE#         135
  C:0D3EH         LINE#         136
  C:0D50H         LINE#         137
  C:0D50H         LINE#         138
  C:0D57H         LINE#         140
  C:0D62H         LINE#         141
  C:0D6BH         LINE#         142
  C:0D76H         LINE#         143
  C:0D7FH         LINE#         145
  C:0D9FH         LINE#         146
  C:0DA2H         LINE#         147
  C:0DB4H         LINE#         148
  C:0DB4H         LINE#         149
  C:0DBBH         LINE#         151
  C:0DC6H         LINE#         152
  C:0DCEH         LINE#         154
  C:0DEEH         LINE#         155
  C:0DF0H         LINE#         156
BL51 BANKED LINKER/LOCATER V6.22                                                      06/01/2019  15:10:13  PAGE 6


  C:0E02H         LINE#         157
  C:0E02H         LINE#         158
  C:0E09H         LINE#         160
  C:0E14H         LINE#         161
  C:0E1CH         LINE#         163
  C:0E3CH         LINE#         164
  C:0E3EH         LINE#         166
  C:0E47H         LINE#         167
  C:0E4AH         LINE#         168
  C:0E4AH         LINE#         169
  -------         ENDPROC       MAIN
  -------         ENDMOD        MAIN

  -------         MODULE        ?C?FPDIV
  C:0029H         PUBLIC        ?C?FPDIV
  -------         ENDMOD        ?C?FPDIV

  -------         MODULE        ?C?FCAST
  C:00D0H         PUBLIC        ?C?FCASTC
  C:00CBH         PUBLIC        ?C?FCASTI
  C:00C6H         PUBLIC        ?C?FCASTL
  -------         ENDMOD        ?C?FCAST

  -------         MODULE        PRINTF
  D:0053H         PUBLIC        ?_PRINTF?BYTE
  D:0053H         PUBLIC        ?_SPRINTF?BYTE
  C:08B7H         PUBLIC        _PRINTF
  C:08B1H         PUBLIC        _SPRINTF
  -------         ENDMOD        PRINTF

  -------         MODULE        ?C?FPROUND
  C:014EH         PUBLIC        ?C?FPROUND
  -------         ENDMOD        ?C?FPROUND

  -------         MODULE        ?C?FPCONVERT
  C:017DH         PUBLIC        ?C?FPCONVERT
  -------         ENDMOD        ?C?FPCONVERT

  -------         MODULE        ?C?FPADD
  C:0287H         PUBLIC        ?C?FPADD
  C:0283H         PUBLIC        ?C?FPSUB
  -------         ENDMOD        ?C?FPADD

  -------         MODULE        ?C?FPMUL
  C:0378H         PUBLIC        ?C?FPMUL
  -------         ENDMOD        ?C?FPMUL

  -------         MODULE        ?C?FTNPWR
  C:04AEH         PUBLIC        ?C?FTNPWR
  -------         ENDMOD        ?C?FTNPWR

  -------         MODULE        ?C?CLDPTR
  C:04EEH         PUBLIC        ?C?CLDPTR
  -------         ENDMOD        ?C?CLDPTR

  -------         MODULE        ?C?CLDOPTR
  C:0507H         PUBLIC        ?C?CLDOPTR
BL51 BANKED LINKER/LOCATER V6.22                                                      06/01/2019  15:10:13  PAGE 7


  -------         ENDMOD        ?C?CLDOPTR

  -------         MODULE        ?C?CSTPTR
  C:0534H         PUBLIC        ?C?CSTPTR
  -------         ENDMOD        ?C?CSTPTR

  -------         MODULE        ?C?LMUL
  C:0546H         PUBLIC        ?C?LMUL
  -------         ENDMOD        ?C?LMUL

  -------         MODULE        ?C?ULDIV
  C:05D1H         PUBLIC        ?C?ULDIV
  -------         ENDMOD        ?C?ULDIV

  -------         MODULE        ?C?SLDIV
  C:1061H         PUBLIC        ?C?SLDIV
  -------         ENDMOD        ?C?SLDIV

  -------         MODULE        ?C?LNEG
  C:0663H         PUBLIC        ?C?LNEG
  -------         ENDMOD        ?C?LNEG

  -------         MODULE        ?C?ULSHR
  C:0671H         PUBLIC        ?C?ULSHR
  -------         ENDMOD        ?C?ULSHR

  -------         MODULE        ?C?PLDIIDATA
  C:0684H         PUBLIC        ?C?PLDIIDATA
  -------         ENDMOD        ?C?PLDIIDATA

  -------         MODULE        ?C?CCASE
  C:0694H         PUBLIC        ?C?CCASE
  -------         ENDMOD        ?C?CCASE

  -------         MODULE        ?C?STRCMP
  C:0838H         PUBLIC        ?C?STRCMP
  -------         ENDMOD        ?C?STRCMP

Program Size: data=87.1 xdata=0 code=4315
LINK/LOCATE RUN COMPLETE.  0 WARNING(S),  0 ERROR(S)
